已按 `PROMPT.base.md` 契约完成初版。

- 复数取向：**C 占点不采集**（不建采集农民，产能全部给近战，靠 `moveTo` 送单位上点位格触发被动占领）
- 初版原文：`work/script.v1.ts`
- 同内容工作副本：`work/script.ts`
- 校验日志：`work/FIXES.md`
- 静态自检通过：无模块语法/动态求值/非确定源/宿主桥；只调 `api.md` §3 名字；`getMyIndex()` 唯一自认；每单位每 tick 至多一条单位级意图；下单先读 `producing`；并用仓内自带 tsc 配 stub 类型面跑 `--strict --noUnusedLocals`，0 错误。

```ts
// script.ts —— 策略取向 C:占点不采集。
// 占领是位置触发的被动结算:把单位送上可占领点位格,靠进度扩张局面。
// 不建采集农民,产能全部给近战单位。
// 全整数运算,无随机源,跨 tick 只留一个数值(myIndex)。

var myIndex: 0 | 1 | 2 | 3 = 0;
var mySeatReady = 0;

const MELEE_COST = 8;

function loop() {
  if (mySeatReady === 0) {
    myIndex = getMyIndex();
    mySeatReady = 1;
  }
  const me = myIndex;

  const players = getObjectsByType("player");
  const mine = players[me];
  if (mine === undefined || !mine.alive) {
    return;
  }

  // 1) 生产:每个己方基地产线空着就补近战。先读 producing,非 null 不下单。
  const bases = getObjectsByType("site", { owner: me, kind: "base" });
  let budget = mine.resources;
  for (let i = 0; i < bases.length; i += 1) {
    const base = bases[i];
    if (base === undefined) {
      continue;
    }
    if (base.producing !== null) {
      continue;
    }
    if (budget < MELEE_COST) {
      continue;
    }
    const placed = spawnUnit(base.id, "melee");
    if (!isError(placed)) {
      budget -= MELEE_COST;
    }
  }

  // 2) 本 tick 的目标点位:只存数值(坐标 + 优先级)。
  //    优先级 0 = 自家点位正被敌方驱动,立刻回防;1 = 中立点位;2 = 敌方点位。
  const allSites = getObjectsByType("site");
  const tgtX: number[] = [];
  const tgtY: number[] = [];
  const tgtP: number[] = [];
  for (let i = 0; i < allSites.length; i += 1) {
    const s = allSites[i];
    if (s === undefined) {
      continue;
    }
    if (s.owner === me) {
      // 自家单位站自家点位不推进;敌方驱动才需要压回去。
      if (s.progressOwner !== -1 && s.progressOwner !== me) {
        tgtX[tgtX.length] = s.x;
        tgtY[tgtY.length] = s.y;
        tgtP[tgtP.length] = 0;
      }
      continue;
    }
    // 中立点位优先,敌方点位次之。占领不花资源。
    tgtX[tgtX.length] = s.x;
    tgtY[tgtY.length] = s.y;
    tgtP[tgtP.length] = s.owner === -1 ? 1 : 2;
  }

  // 3) 单位行动:每个单位每 tick 至多提交一条单位级意图。
  const allUnits = getObjectsByType("unit");
  const myUnits = getObjectsByType("unit", { owner: me });
  const claimed: number[] = [];
  for (let i = 0; i < tgtX.length; i += 1) {
    claimed[i] = 0;
  }

  for (let i = 0; i < myUnits.length; i += 1) {
    const u = myUnits[i];
    if (u === undefined) {
      continue;
    }

    // 3a) 射程内有敌人:原地攻击(攻击不移动,站在点位上的占领继续推进)。
    if (u.type !== "worker") {
      const reach = attackRangeOf(u.type);
      const foeId = nearestFoeId(u, allUnits, me, reach);
      if (foeId >= 0) {
        attack(u.id, foeId);
        continue;
      }
    }

    // 3b) 选一个还没被本 tick 其他己方单位认领的目标点位:优先级高者先,同级取近。
    let pick = -1;
    let pickScore = 0;
    for (let k = 0; k < tgtX.length; k += 1) {
      if (claimed[k] === 1) {
        continue;
      }
      const d = getRange(u.x, u.y, tgtX[k], tgtY[k]);
      const score = tgtP[k] * 100000 + d;
      if (pick === -1 || score < pickScore) {
        pick = k;
        pickScore = score;
      }
    }
    if (pick === -1) {
      // 所有点位都有人认领:允许重复,别让单位闲着。
      for (let k = 0; k < tgtX.length; k += 1) {
        const d = getRange(u.x, u.y, tgtX[k], tgtY[k]);
        const score = tgtP[k] * 100000 + d;
        if (pick === -1 || score < pickScore) {
          pick = k;
          pickScore = score;
        }
      }
    }

    if (pick >= 0) {
      claimed[pick] = 1;
      if (u.x === tgtX[pick] && u.y === tgtY[pick]) {
        // 已站在点位格上:原地即驱动占领,不再提交移动。
        continue;
      }
      moveTo(u.id, tgtX[pick], tgtY[pick]);
      continue;
    }

    // 3c) 没有可占点位:压向最近敌人。
    if (u.type !== "worker") {
      const foeId = nearestFoeId(u, allUnits, me, 100000);
      if (foeId >= 0) {
        const foe = getObjectById(foeId);
        if (foe !== null) {
          moveTo(u.id, foe.x, foe.y);
        }
      }
    }
  }
}

// 兵种射程(数值表):worker 无攻击,melee / cavalry 为 1,ranged 为 2。
function attackRangeOf(type: string): number {
  if (type === "ranged") {
    return 2;
  }
  if (type === "worker") {
    return 0;
  }
  return 1;
}

// 本 tick 快照里离 unit 最近的敌方单位 id;超出 maxRange 忽略;没有则 -1。
function nearestFoeId(
  unit: { x: number; y: number },
  units: readonly { id: number; owner: number; x: number; y: number }[],
  me: number,
  maxRange: number,
): number {
  let best = -1;
  let bestDist = 0;
  for (let i = 0; i < units.length; i += 1) {
    const other = units[i];
    if (other === undefined || other.owner === me) {
      continue;
    }
    const d = getRange(unit.x, unit.y, other.x, other.y);
    if (d > maxRange) {
      continue;
    }
    if (best === -1 || d < bestDist) {
      best = other.id;
      bestDist = d;
    }
  }
  return best;
}
```

等待静态校验回喂后，我会只在 `work/` 内改文件并把每轮改动记入 `work/FIXES.md`。
